2026-08-23 17:09:53,217 - INFO - Data loaded
2026-08-23 17:10:04,203 - INFO - Data loaded
2026-08-23 17:10:14,906 - INFO - Data loaded
2026-08-23 17:10:15,127 - INFO - Data loaded
2026-08-23 17:10:15,209 - INFO - Data loaded
2026-08-23 17:15:22,915 - INFO - Data loaded
2026-08-23 17:15:33,409 - INFO - Data loaded
2026-08-23 17:15:44,244 - INFO - Data loaded
2026-08-23 17:15:44,465 - INFO - Data loaded
2026-08-23 17:16:38,955 - INFO - Data loaded
2026-08-23 17:16:46,271 - INFO - Data loaded
2026-08-23 17:16:46,481 - INFO - Data loaded
2026-08-23 17:16:52,883 - INFO - Data loaded
2026-08-23 17:18:00,315 - INFO - Data loaded
2026-08-23 17:18:06,685 - INFO - Data loaded
2026-08-23 17:18:22,184 - INFO - Data loaded
2026-08-23 17:18:28,862 - INFO - Data loaded
2026-08-23 17:18:28,955 - INFO - Data loaded
2026-08-23 17:18:47,534 - INFO - Data loaded
2026-08-23 17:18:47,646 - INFO - Data loaded
2026-08-23 17:20:02,987 - INFO - Data loaded
2026-08-23 17:20:07,966 - INFO - Data loaded
2026-08-23 17:20:08,177 - INFO - Data loaded
2026-08-23 17:20:08,277 - INFO - Data loaded
2026-08-23 17:20:22,937 - INFO - Data loaded
2026-08-23 17:20:26,107 - INFO - Data loaded
2026-08-23 17:20:29,979 - INFO - Data loaded
2026-08-23 17:20:33,695 - INFO - Data loaded
2026-08-23 17:20:37,126 - INFO - Data loaded
2026-08-23 17:20:41,237 - INFO - Data loaded
2026-08-23 17:20:48,315 - INFO - Data loaded
2026-08-23 17:20:50,427 - INFO - Data loaded
2026-08-23 17:20:50,553 - INFO - Data loaded
2026-08-23 17:20:52,546 - INFO - Data loaded
2026-08-23 17:22:37,653 - INFO - Data loaded
2026-08-23 17:23:11,903 - INFO - Data loaded
2026-08-23 17:23:22,052 - INFO - Data loaded
2026-08-23 17:23:22,262 - INFO - Data loaded
2026-08-23 17:24:45,023 - INFO - Data loaded
2026-08-23 17:24:52,314 - INFO - Data loaded
2026-08-23 17:24:56,168 - INFO - Data loaded
2026-08-23 17:27:14,284 - INFO - Data loaded
2026-08-23 17:27:23,491 - INFO - Data loaded
2026-08-23 17:27:39,100 - INFO - Data loaded
2026-08-23 17:28:04,964 - INFO - Data loaded
2026-08-23 17:28:04,978 - INFO - Books and borrowing records saved
2026-08-23 17:28:04,979 - INFO - Users saved
2026-08-23 17:28:20,081 - INFO - Data loaded
2026-08-23 17:28:25,888 - INFO - Data loaded
2026-08-23 17:28:26,112 - INFO - Data loaded
2026-08-23 17:28:26,226 - INFO - Data loaded
2026-08-23 17:28:34,199 - INFO - Data loaded
2026-08-23 17:28:37,264 - INFO - Data loaded
2026-08-23 17:28:41,861 - INFO - Data loaded
2026-08-23 17:28:45,429 - INFO - Data loaded
2026-08-23 17:28:49,340 - INFO - Data loaded
2026-08-23 17:28:53,817 - INFO - Data loaded
2026-08-23 17:28:53,919 - INFO - Data loaded
2026-08-23 19:01:47,712 - INFO - Data loaded
2026-08-23 19:01:52,132 - INFO - Data loaded
2026-08-23 19:01:52,344 - INFO - Data loaded
2026-08-23 19:01:52,459 - INFO - Data loaded
2026-08-23 19:02:16,816 - INFO - Data loaded
2026-08-23 19:02:26,133 - INFO - Data loaded
2026-08-23 19:02:37,493 - INFO - Data loaded
2026-08-23 19:02:45,729 - INFO - Data loaded
2026-08-23 19:03:02,755 - INFO - Data loaded
2026-08-23 19:03:02,956 - INFO - Data loaded
2026-08-23 19:03:03,143 - INFO - Data loaded
2026-08-23 19:03:03,336 - INFO - Data loaded
2026-08-23 19:03:03,493 - INFO - Data loaded
2026-08-23 19:03:03,666 - INFO - Data loaded
2026-08-23 19:03:03,846 - INFO - Data loaded
2026-08-23 19:03:04,061 - INFO - Data loaded
2026-08-23 19:03:14,938 - INFO - Data loaded
2026-08-23 19:03:19,335 - INFO - Data loaded
2026-08-23 19:03:26,679 - INFO - Data loaded
2026-08-23 19:03:37,088 - INFO - Data loaded
2026-08-23 19:03:54,300 - INFO - Data loaded
2026-08-23 19:04:03,832 - INFO - Data loaded
2026-08-23 19:04:34,149 - INFO - Data loaded
2026-08-23 19:04:44,714 - INFO - Data loaded
2026-08-23 19:04:44,824 - INFO - Data loaded
2026-08-23 19:04:47,824 - INFO - Data loaded
2026-08-23 19:04:57,787 - INFO - Data loaded
2026-08-23 19:05:00,749 - INFO - Data loaded
2026-08-23 19:05:00,966 - INFO - Data loaded
2026-08-23 19:05:01,137 - INFO - Data loaded
2026-08-23 19:05:13,034 - INFO - Data loaded
2026-08-23 19:05:23,322 - INFO - Data loaded
2026-08-24 11:19:09,518 - INFO - Data loaded
2026-08-24 11:20:40,268 - INFO - Data loaded
2026-08-24 11:20:47,077 - INFO - Data loaded
2026-08-24 11:20:47,292 - INFO - Data loaded
2026-08-24 11:20:47,387 - INFO - Data loaded
2026-08-24 11:20:59,015 - INFO - Data loaded
2026-08-24 11:22:33,838 - INFO - Data loaded
2026-08-24 11:22:33,961 - INFO - Data loaded
2026-08-24 11:22:35,824 - INFO - Data loaded
2026-08-24 11:22:48,955 - INFO - Data loaded
2026-08-24 11:22:55,978 - INFO - Data loaded
2026-08-24 11:22:56,187 - INFO - Data loaded
2026-08-24 11:22:56,299 - INFO - Data loaded
2026-08-24 11:23:26,291 - INFO - Data loaded
2026-08-24 11:23:26,413 - INFO - Data loaded
2026-08-24 11:24:25,685 - INFO - Data loaded
2026-08-24 11:24:28,159 - INFO - Data loaded
2026-08-24 11:26:23,087 - INFO - Data loaded
2026-08-24 11:26:31,846 - INFO - Data loaded
2026-08-24 11:26:32,058 - INFO - Data loaded
2026-08-24 11:26:32,172 - INFO - Data loaded
2026-08-24 11:28:23,161 - INFO - Data loaded
2026-08-24 11:28:23,267 - INFO - Data loaded
2026-08-24 11:38:26,920 - INFO - Data loaded
2026-08-24 11:38:29,500 - INFO - Data loaded
2026-08-24 11:39:03,776 - INFO - Data loaded
2026-08-24 11:39:06,457 - INFO - Data loaded
2026-08-24 11:39:06,680 - INFO - Data loaded
2026-08-24 11:39:06,786 - INFO - Data loaded
2026-08-24 11:39:25,721 - INFO - Data loaded
2026-08-24 11:40:01,962 - INFO - Data loaded
2026-08-24 11:40:24,938 - INFO - Data loaded
2026-08-24 11:40:39,003 - INFO - Data loaded
2026-08-24 11:40:39,111 - INFO - Data loaded
2026-08-24 11:40:40,839 - INFO - Data loaded
2026-08-24 11:41:02,888 - INFO - Data loaded
2026-08-24 11:41:12,295 - INFO - Data loaded
2026-08-24 11:41:20,933 - INFO - Data loaded
2026-08-24 11:41:29,436 - INFO - Data loaded
2026-08-24 11:41:37,076 - INFO - Data loaded
2026-08-24 11:41:46,964 - INFO - Data loaded
2026-08-24 11:42:37,410 - INFO - Data loaded
2026-08-24 11:42:44,500 - INFO - Data loaded
2026-08-24 11:42:49,780 - INFO - Data loaded
2026-08-24 11:42:49,989 - INFO - Data loaded
2026-08-24 11:42:50,011 - INFO - Books and borrowing records saved
2026-08-24 11:42:50,013 - INFO - Users saved
2026-08-24 11:43:20,264 - INFO - Data loaded
2026-08-24 11:43:21,894 - INFO - Data loaded
2026-08-24 11:43:23,323 - INFO - Data loaded
2026-08-24 11:43:43,986 - INFO - Data loaded
2026-08-24 11:43:44,212 - INFO - Data loaded
2026-08-24 11:43:51,425 - INFO - Data loaded
2026-08-24 11:43:57,493 - INFO - Data loaded
2026-08-24 11:44:13,709 - INFO - Data loaded
2026-08-24 11:44:17,488 - INFO - Data loaded
2026-08-24 11:44:17,714 - INFO - Data loaded
2026-08-24 11:44:17,810 - INFO - Data loaded
2026-08-24 11:44:29,366 - INFO - Data loaded
2026-08-24 11:44:39,872 - INFO - Data loaded
2026-08-24 11:44:45,239 - INFO - Data loaded
2026-08-24 11:44:48,704 - INFO - Data loaded
2026-08-24 11:44:48,800 - INFO - Data loaded
2026-08-24 11:44:56,382 - INFO - Data loaded
2026-08-24 11:45:15,079 - INFO - Data loaded
2026-08-24 11:45:15,293 - INFO - Data loaded
2026-08-24 11:45:15,390 - INFO - Data loaded
2026-08-24 11:45:24,969 - INFO - Data loaded
2026-08-24 11:48:38,837 - INFO - Data loaded
2026-08-24 11:48:52,958 - INFO - Data loaded
2026-08-24 11:48:57,607 - INFO - Data loaded
2026-08-24 11:48:58,948 - INFO - Data loaded
2026-08-24 11:48:58,956 - INFO - Books and borrowing records saved
2026-08-24 11:48:58,957 - INFO - Users saved
2026-08-24 11:48:59,094 - INFO - Data loaded
2026-08-24 11:49:00,878 - INFO - Data loaded
2026-08-24 11:49:00,888 - INFO - Books and borrowing records saved
2026-08-24 11:49:00,889 - INFO - Users saved
2026-08-24 11:49:00,984 - INFO - Data loaded
2026-08-24 11:49:10,814 - INFO - Data loaded
2026-08-24 11:49:10,823 - INFO - Books and borrowing records saved
2026-08-24 11:49:10,824 - INFO - Users saved
2026-08-24 11:49:10,930 - INFO - Data loaded
2026-08-24 11:49:11,900 - INFO - Data loaded
2026-08-24 11:49:11,910 - INFO - Books and borrowing records saved
2026-08-24 11:49:11,911 - INFO - Users saved
2026-08-24 11:49:12,012 - INFO - Data loaded
2026-08-24 11:49:16,451 - INFO - Data loaded
2026-08-24 11:49:33,837 - INFO - Data loaded
2026-08-24 11:49:36,923 - INFO - Data loaded
2026-08-24 11:49:37,032 - INFO - Data loaded
2026-08-24 11:49:39,169 - INFO - Data loaded
2026-08-24 11:49:59,598 - INFO - Data loaded
2026-08-24 11:50:03,503 - INFO - Data loaded
2026-08-24 11:50:08,321 - INFO - Data loaded
2026-08-24 11:50:08,544 - INFO - Data loaded
2026-08-24 11:50:08,638 - INFO - Data loaded
2026-08-24 11:50:12,760 - INFO - Data loaded
2026-08-24 11:50:17,233 - INFO - Data loaded
2026-08-24 11:50:19,144 - INFO - Data loaded
2026-08-24 11:50:19,151 - INFO - Books and borrowing records saved
2026-08-24 11:50:19,152 - INFO - Users saved
2026-08-24 11:50:19,275 - INFO - Data loaded
2026-08-24 11:50:25,745 - INFO - Data loaded
2026-08-24 11:50:28,985 - INFO - Data loaded
2026-08-24 11:50:29,081 - INFO - Data loaded
2026-08-24 11:50:34,480 - INFO - Data loaded
2026-08-24 11:50:37,347 - INFO - Data loaded
2026-08-24 11:50:37,571 - INFO - Data loaded
2026-08-24 11:50:37,678 - INFO - Data loaded
2026-08-24 11:50:46,227 - INFO - Data loaded
2026-08-24 11:55:11,881 - INFO - Data loaded
2026-09-15 21:09:15,219 - INFO - Data loaded
2026-09-15 21:09:24,027 - INFO - Data loaded
2026-09-15 21:09:32,372 - INFO - Data loaded
2026-09-15 21:09:54,114 - INFO - Data loaded
2026-09-15 21:09:54,224 - INFO - Data loaded
2026-09-15 21:10:00,771 - INFO - Data loaded
2026-09-15 21:10:00,917 - INFO - Data loaded
2026-09-15 21:36:11,911 - INFO - Data loaded
2026-09-15 21:36:45,002 - INFO - Data loaded
2026-09-15 21:36:51,055 - INFO - Data loaded
2026-09-15 21:36:54,907 - INFO - Data loaded
2026-09-15 21:36:55,013 - INFO - Data loaded
2026-09-15 21:36:55,118 - INFO - Data loaded
2026-09-15 21:37:41,485 - INFO - Data loaded
2026-09-15 21:50:07,030 - INFO - Data loaded
2026-09-15 21:50:13,803 - INFO - Data loaded
2026-09-15 21:50:20,641 - INFO - Data loaded
2026-09-15 21:50:20,866 - INFO - Data loaded
2026-09-15 21:50:20,981 - INFO - Data loaded
2026-09-15 21:50:28,074 - INFO - Data loaded
2026-09-15 21:50:34,387 - INFO - Data loaded
2026-09-15 21:50:38,388 - INFO - Data loaded
2026-09-15 21:50:41,965 - INFO - Data loaded
2026-09-15 21:50:51,731 - INFO - Data loaded
2026-09-15 21:50:58,661 - INFO - Data loaded
2026-09-15 21:50:58,767 - INFO - Data loaded
2026-09-15 21:51:00,349 - INFO - Data loaded
2026-09-15 21:51:11,433 - INFO - Data loaded
2026-09-15 21:51:19,938 - INFO - Data loaded
2026-09-15 21:52:03,601 - INFO - Data loaded
2026-09-15 21:52:07,099 - INFO - Data loaded
2026-09-15 21:52:07,325 - INFO - Data loaded
2026-09-15 21:52:07,441 - INFO - Data loaded
2026-09-16 15:20:57,151 - INFO - Data loaded
2026-09-16 15:21:04,211 - INFO - Data loaded
2026-09-16 15:21:06,673 - INFO - Data loaded
2026-09-16 15:21:06,796 - INFO - Data loaded
2026-09-16 15:21:21,387 - INFO - Data loaded
2026-09-16 15:22:05,334 - INFO - Data loaded
2026-09-16 15:22:12,441 - INFO - Data loaded
2026-09-16 15:22:14,755 - INFO - Data loaded
2026-09-16 15:22:14,873 - INFO - Data loaded
2026-09-16 15:26:39,143 - INFO - Data loaded
2026-09-16 15:26:45,199 - INFO - Data loaded
2026-09-16 15:26:47,095 - INFO - Data loaded
2026-09-16 15:26:47,218 - INFO - Data loaded
2026-09-16 15:29:14,302 - INFO - Data loaded
2026-09-16 15:29:49,083 - INFO - Data loaded
2026-09-16 15:29:51,274 - INFO - Data loaded
2026-09-16 15:29:51,386 - INFO - Data loaded
2026-09-16 15:30:39,363 - INFO - Data loaded
2026-09-16 15:30:45,401 - INFO - Data loaded
2026-09-16 15:30:47,762 - INFO - Data loaded
2026-09-16 15:30:47,869 - INFO - Data loaded
2026-09-16 15:30:51,631 - INFO - Data loaded
2026-09-16 15:30:56,159 - INFO - Data loaded
2026-09-16 15:30:58,483 - INFO - Data loaded
2026-09-16 15:31:09,879 - INFO - Data loaded
2026-09-16 15:31:52,154 - INFO - Data loaded
2026-09-16 15:31:54,664 - INFO - Data loaded
2026-09-16 15:31:54,770 - INFO - Data loaded
2026-09-16 15:32:00,160 - INFO - Data loaded
2026-09-16 15:32:02,931 - INFO - Data loaded
2026-09-16 15:32:05,384 - INFO - Data loaded
2026-09-16 15:57:16,562 - INFO - Owner profile saved.
2026-09-16 16:12:08,514 - INFO - Users saved.
2026-09-16 16:28:39,056 - INFO - Owner profile saved.
2026-09-16 16:28:39,274 - INFO - Books and records loaded.
2026-09-16 16:28:39,364 - INFO - Books and borrowing records saved.
2026-09-16 16:29:06,590 - INFO - Books and records loaded.
2026-09-16 16:29:11,519 - INFO - Books and records loaded.
2026-09-16 16:29:15,409 - INFO - Books and records loaded.
2026-09-16 16:29:17,716 - INFO - Books and records loaded.
2026-09-16 16:29:17,804 - INFO - Books and borrowing records saved.
2026-09-16 16:29:18,055 - INFO - Books and records loaded.
2026-09-16 16:29:19,940 - INFO - Books and records loaded.
2026-09-16 16:29:20,028 - INFO - Books and borrowing records saved.
2026-09-16 16:29:20,239 - INFO - Books and records loaded.
2026-09-16 16:29:20,865 - INFO - Books and records loaded.
2026-09-16 16:29:20,952 - INFO - Books and borrowing records saved.
2026-09-16 16:29:21,162 - INFO - Books and records loaded.
2026-09-16 16:29:29,095 - INFO - Books and records loaded.
2026-09-16 16:29:32,366 - INFO - Books and records loaded.
2026-09-16 16:29:34,954 - INFO - Books and records loaded.
2026-09-16 16:29:38,651 - INFO - Books and records loaded.
2026-09-16 16:31:26,305 - INFO - Users saved.
2026-09-16 16:31:26,522 - INFO - Books and records loaded.
2026-09-16 16:31:45,055 - INFO - Books and records loaded.
2026-09-16 16:31:51,629 - INFO - Books and records loaded.
2026-09-16 16:31:54,582 - INFO - Books and records loaded.
2026-09-16 16:31:58,239 - INFO - Books and records loaded.
2026-09-16 16:31:58,246 - INFO - Books and borrowing records saved.
2026-09-16 16:31:58,492 - INFO - Books and records loaded.
2026-09-16 16:32:02,444 - INFO - Books and records loaded.
2026-09-16 16:32:03,796 - INFO - Books and records loaded.
2026-09-16 16:32:03,801 - INFO - Books and borrowing records saved.
2026-09-16 16:32:04,045 - INFO - Books and records loaded.
2026-09-16 16:32:07,877 - INFO - Books and records loaded.
2026-09-16 16:32:09,208 - INFO - Books and records loaded.
2026-09-16 16:32:09,213 - INFO - Books and borrowing records saved.
2026-09-16 16:32:09,448 - INFO - Books and records loaded.
2026-09-16 16:32:14,892 - INFO - Books and records loaded.
2026-09-16 16:32:14,897 - INFO - Books and borrowing records saved.
2026-09-16 16:32:15,174 - INFO - Books and records loaded.
2026-09-16 16:32:18,229 - INFO - Books and records loaded.
2026-09-16 16:32:19,457 - INFO - Books and records loaded.
2026-09-16 16:32:23,469 - INFO - Books and records loaded.
2026-09-16 16:32:25,876 - INFO - Books and records loaded.
2026-09-16 16:35:50,429 - INFO - Books and records loaded.
2026-09-16 16:36:05,998 - INFO - Books and records loaded.
2026-09-16 16:36:20,774 - INFO - Books and records loaded.
2026-09-16 16:36:23,176 - INFO - Books and records loaded.
2026-09-16 16:36:24,481 - INFO - Books and records loaded.
2026-09-16 16:36:24,566 - INFO - Books and borrowing records saved.
2026-09-16 16:36:24,748 - INFO - Books and records loaded.
2026-09-16 16:36:26,344 - INFO - Books and records loaded.
2026-09-16 16:36:26,426 - INFO - Books and borrowing records saved.
2026-09-16 16:36:26,625 - INFO - Books and records loaded.
2026-09-16 16:36:28,087 - INFO - Books and records loaded.
2026-09-16 16:36:55,220 - INFO - Books and records loaded.
2026-09-16 16:37:01,336 - INFO - Books and records loaded.
2026-09-16 16:37:21,269 - INFO - Books and records loaded.
2026-09-16 16:37:33,784 - INFO - Books and records loaded.
2026-09-16 16:37:37,224 - INFO - Books and records loaded.
2026-09-16 16:42:26,885 - INFO - Users saved.
2026-09-16 16:42:27,034 - INFO - Books and records loaded.
2026-09-16 16:42:35,273 - INFO - Books and records loaded.
2026-09-16 16:42:41,131 - INFO - Books and records loaded.
2026-09-16 16:42:44,447 - INFO - Books and records loaded.
2026-09-16 16:42:47,768 - INFO - Books and records loaded.
2026-09-16 16:42:53,053 - INFO - Books and records loaded.
2026-09-16 22:16:52,686 - INFO - Books and records loaded.
2026-09-16 22:17:12,074 - INFO - Books and records loaded.
2026-09-16 22:17:15,337 - INFO - Books and records loaded.
2026-09-16 22:17:17,769 - INFO - Books and records loaded.
2026-09-16 22:17:21,280 - INFO - Books and records loaded.
2026-09-16 22:17:28,346 - INFO - Books and records loaded.
2026-09-16 22:17:30,797 - INFO - Books and records loaded.
2026-09-16 22:17:33,643 - INFO - Books and records loaded.
2026-09-16 22:19:23,937 - INFO - Books and records loaded.
2026-09-16 22:19:24,848 - INFO - Books and records loaded.
